============================= test session starts ==============================
platform linux -- Python 3.12.4, pytest-8.3.2, pluggy-1.5.0 -- /home/airflow/.local/bin/python
cachedir: .pytest_cache
rootdir: /opt/airflow/tests
plugins: time-machine-2.14.2, anyio-4.4.0, hydra-core-1.3.2
collecting ... collected 2 items

../../opt/airflow/tests/test_preprocess_fatura.py::test_preprocess_creates_csv PASSED [ 50%]
../../opt/airflow/tests/test_validate_fatura.py::test_validate_reports PASSED [100%]

============================== 2 passed in 1.19s ===============================
